Microchip MPLAB XC8 PIC(R) Assembler V2.45

Linker command line:

-W-3 --edf=/opt/microchip/xc8/v2.45/pic/dat/20230818022343_en.msgs -cs \
  -h+dist/default/debug/PIC16C84A_ASM.X.debug.sym \
  --cmf=dist/default/debug/PIC16C84A_ASM.X.debug.cmf -z -Q16F88 \
  -o/tmp/xcXcgePif/driver_tmp_3.o -presetVect=0 -pinterruptVect=4 \
  --fixupoverflow=error -ver=XC8 PIC(R) Assembler --fixupoverflow=lstwarn \
  -Mdist/default/debug/PIC16C84A_ASM.X.debug.map -E1 --acfsm=1493 \
  -ACODE=00h-07FFhx2 -ASTRCODE=00h-0FFFh -ASTRING=00h-0FFhx16 \
  -ACONST=00h-0FFhx16 -AENTRY=00h-0FFhx16 -ACOMMON=070h-07Fh \
  -ABANK0=020h-06Fh -ABANK1=0A0h-0EFh -ABANK2=0110h-016Fh \
  -ABANK3=0190h-01EFh -ARAM=020h-06Fh,0A0h-0EFh,0110h-016Fh,0190h-01EFh \
  -AABS1=020h-07Fh,0A0h-0EFh,0110h-016Fh,0190h-01EFh -ASFR0=00h-01Fh \
  -ASFR1=080h-09Fh -ASFR2=0100h-010Fh -ASFR3=0180h-018Fh \
  -ACONFIG=02007h-02008h -DCONFIG=2 -AIDLOC=02000h-02003h -DIDLOC=2 \
  -AEEDATA=00h-0FFh/02100h -DEEDATA=2 -DCODE=2 -DSTRCODE=2 -DSTRING=2 \
  -DCONST=2 -DENTRY=2 build/default/debug/main.o 

Object code version is 3.11

Machine type is 16F88



                Name                               Link     Load   Length Selector   Space Scale
build/default/debug/main.o
                config                             2007     2007        2        0       4
                interruptVect                         4        4        A        8       0
                resetVect                             0        0        2        0       0
                code                                  E        E       79        8       0

TOTAL           Name                               Link     Load   Length     Space
        CLASS   CODE           
                interruptVect                         4        4        A         0
                resetVect                             0        0        2         0
                code                                  E        E       79         0

        CLASS   STRCODE        

        CLASS   STRING         

        CLASS   CONST          

        CLASS   ENTRY          

        CLASS   COMMON         

        CLASS   BANK0          

        CLASS   BANK1          

        CLASS   BANK2          

        CLASS   BANK3          

        CLASS   RAM            

        CLASS   ABS1           

        CLASS   SFR0           

        CLASS   SFR1           

        CLASS   SFR2           

        CLASS   SFR3           

        CLASS   CONFIG         
                config                             2007     2007        2         4

        CLASS   IDLOC          

        CLASS   EEDATA         



SEGMENTS        Name                           Load    Length   Top    Selector   Space  Class     Delta

                resetVect                      000000  000002  000002         0       0  CODE        2
                interruptVect                  000004  000083  000087         8       0  CODE        2


UNUSED ADDRESS RANGES

        Name                Unused          Largest block    Delta
        BANK0            0020-006F             50           1
        BANK1            00A0-00EF             50           1
        BANK2            0110-016F             60           1
        BANK3            0190-01EF             60           1
        CODE             0002-0003              2           2
                         0087-0FFF            779
        COMMON           0070-007F             10           1
        CONST            0002-0003              2           2
                         0087-0FFF            100
        EEDATA           2100-21FF            100           2
        ENTRY            0002-0003              2           2
                         0087-0FFF            100
        IDLOC            2000-2003              4           2
        RAM              0020-006F             50           1
                         00A0-00EF             50
                         0110-016F             60
                         0190-01EF             60
        SFR0             0004-0007              4           1
        SFR2             010E-010F              2           1
        SFR3             0180-018F             10           1
        STRCODE          0002-0003              2           2
                         0087-0FFF            F79
        STRING           0002-0003              2           2
                         0087-0FFF            100

                                  Symbol Table

__H__absolute__  __absolute__  0000  __Hcode          code          001C
__Hconfig        config        2009  __Hdata          data          001C
__Hedata         edata         001C  __HinterruptVect interruptVect 000E
__HresetVect     resetVect     0002  __Hspace_0       (abs)         0087
__Hspace_1       (abs)         0000  __Hspace_3       (abs)         0000
__Hspace_4       (abs)         4010  __Hudata         udata         001C
__Hudata_bank0   udata_bank0   001C  __Hudata_bank1   udata_bank1   001C
__Hudata_bank2   udata_bank2   001C  __Hudata_bank3   udata_bank3   001C
__Hudata_shr     udata_shr     001C  __L__absolute__  __absolute__  0000
__Lcode          code          001C  __Lconfig        config        0000
__Ldata          data          001C  __Ledata         edata         001C
__LinterruptVect interruptVect 0004  __LresetVect     resetVect     0000
__Lspace_0       (abs)         0000  __Lspace_1       (abs)         0000
__Lspace_3       (abs)         0000  __Lspace_4       (abs)         0000
__Ludata         udata         001C  __Ludata_bank0   udata_bank0   001C
__Ludata_bank1   udata_bank1   001C  __Ludata_bank2   udata_bank2   001C
__Ludata_bank3   udata_bank3   001C  __Ludata_shr     udata_shr     001C
__S0             (abs)         0087  __S1             (abs)         0000
__S3             (abs)         0000  
